pybullet build time: Sep  3 2024 13:13:08
{"policy": "geometric", "case": "precision_01", "success": true, "error_mm": 0.8420069402206417}
{"policy": "geometric", "case": "precision_02", "success": true, "error_mm": 2.2098086702413764}
{"policy": "geometric", "case": "precision_03", "success": true, "error_mm": 2.3083331559950966}
{"policy": "geometric", "case": "precision_04", "success": true, "error_mm": 0.5125732666555518}
{"policy": "geometric", "case": "precision_05", "success": true, "error_mm": 3.3290622018584557}
{"policy": "geometric", "case": "precision_06", "success": true, "error_mm": 2.322200294584241}
{"policy": "geometric", "case": "precision_07", "success": true, "error_mm": 0.9160646996242272}
{"policy": "geometric", "case": "precision_08", "success": true, "error_mm": 2.532241102702416}
{"policy": "geometric", "case": "precision_09", "success": true, "error_mm": 4.773328350055983}
{"policy": "geometric", "case": "precision_10", "success": true, "error_mm": 0.672426885712733}
{"policy": "geometric", "case": "precision_11", "success": true, "error_mm": 4.004304011733147}
{"policy": "geometric", "case": "precision_12", "success": true, "error_mm": 1.1384285609092635}
{"policy": "geometric", "case": "precision_13", "success": true, "error_mm": 0.6395312443830514}
{"policy": "geometric", "case": "precision_14", "success": true, "error_mm": 2.8536361374527734}
{"policy": "geometric", "case": "precision_15", "success": true, "error_mm": 3.1680065236570503}
{"policy": "geometric", "case": "precision_16", "success": true, "error_mm": 2.2609680409823145}
{"policy": "geometric", "case": "precision_17", "success": true, "error_mm": 3.8945115235535224}
{"policy": "geometric", "case": "precision_18", "success": true, "error_mm": 4.556655518952617}
{"policy": "geometric", "case": "precision_19", "success": true, "error_mm": 4.876401940162676}
{"policy": "geometric", "case": "precision_20", "success": true, "error_mm": 2.4463595289743565}
{"policy": "geometric", "case": "precision_21", "success": true, "error_mm": 1.288086349566319}
{"policy": "geometric", "case": "precision_22", "success": true, "error_mm": 1.0385132714280256}
{"policy": "geometric", "case": "precision_23", "success": true, "error_mm": 3.7801808974000375}
{"policy": "geometric", "case": "precision_24", "success": true, "error_mm": 1.1311742150943886}
{"geometric": {"episodes": 24, "successes": 24, "mean_final_error_mm": 2.395616805495844, "median_final_error_mm": 2.3152667252896686, "mean_pushes": 4.875}}
{"policy": "learned", "case": "precision_01", "success": true, "error_mm": 0.9630350634755961}
{"policy": "learned", "case": "precision_02", "success": true, "error_mm": 2.6941732041654904}
{"policy": "learned", "case": "precision_03", "success": true, "error_mm": 3.516699674082163}
{"policy": "learned", "case": "precision_04", "success": true, "error_mm": 1.7253940184502654}
{"policy": "learned", "case": "precision_05", "success": true, "error_mm": 4.312298787541423}
{"policy": "learned", "case": "precision_06", "success": false, "error_mm": 56.368182512524335}
{"policy": "learned", "case": "precision_07", "success": true, "error_mm": 2.8708665521115244}
{"policy": "learned", "case": "precision_08", "success": true, "error_mm": 4.820749249839667}
{"policy": "learned", "case": "precision_09", "success": true, "error_mm": 2.775667690369779}
{"policy": "learned", "case": "precision_10", "success": true, "error_mm": 4.227813228388168}
{"policy": "learned", "case": "precision_11", "success": true, "error_mm": 4.919810757455631}
{"policy": "learned", "case": "precision_12", "success": true, "error_mm": 4.194683191272481}
{"policy": "learned", "case": "precision_13", "success": true, "error_mm": 3.5150116135050316}
{"policy": "learned", "case": "precision_14", "success": true, "error_mm": 3.335211393380032}
{"policy": "learned", "case": "precision_15", "success": true, "error_mm": 1.3904063482391646}
{"policy": "learned", "case": "precision_16", "success": true, "error_mm": 4.117638744172166}
{"policy": "learned", "case": "precision_17", "success": true, "error_mm": 4.5675878974532695}
{"policy": "learned", "case": "precision_18", "success": true, "error_mm": 3.8050133594233255}
{"policy": "learned", "case": "precision_19", "success": true, "error_mm": 3.8967445972541324}
{"policy": "learned", "case": "precision_20", "success": true, "error_mm": 4.105301352050849}
{"policy": "learned", "case": "precision_21", "success": true, "error_mm": 4.452273154233859}
{"policy": "learned", "case": "precision_22", "success": true, "error_mm": 1.670912845828289}
{"policy": "learned", "case": "precision_23", "success": true, "error_mm": 1.4028821190068381}
{"policy": "learned", "case": "precision_24", "success": true, "error_mm": 4.8119676050195315}
{"learned": {"episodes": 24, "successes": 23, "mean_final_error_mm": 5.6025135399684585, "median_final_error_mm": 3.850878978338729, "mean_pushes": 7.916666666666667}}
